

================================================================
== Vivado HLS Report for 'getColScores'
================================================================
* Date:           Tue Jun 25 00:37:13 2019

* Version:        2017.2 (Build 1909853 on Thu Jun 15 18:55:24 MDT 2017)
* Project:        elTetris2HLSCore
* Solution:       solution1
* Product family: artix7
* Target device:  xc7a100tcsg324-1


================================================================
== Performance Estimates
================================================================
+ Timing (ns): 
    * Summary: 
    +--------+-------+----------+------------+
    |  Clock | Target| Estimated| Uncertainty|
    +--------+-------+----------+------------+
    |ap_clk  |  10.00|      8.65|        1.25|
    +--------+-------+----------+------------+

+ Latency (clock cycles): 
    * Summary: 
    +-----+-----+-----+-----+---------+
    |  Latency  |  Interval | Pipeline|
    | min | max | min | max |   Type  |
    +-----+-----+-----+-----+---------+
    |  228|  228|  228|  228|   none  |
    +-----+-----+-----+-----+---------+

    + Detail: 
        * Instance: 
        N/A

        * Loop: 
        +----------+-----+-----+----------+-----------+-----------+------+----------+
        |          |  Latency  | Iteration|  Initiation Interval  | Trip |          |
        | Loop Name| min | max |  Latency |  achieved |   target  | Count| Pipelined|
        +----------+-----+-----+----------+-----------+-----------+------+----------+
        |- colCol  |  201|  201|        22|         20|         20|    10|    yes   |
        +----------+-----+-----+----------+-----------+-----------+------+----------+



================================================================
== Utilization Estimates
================================================================
* Summary: 
+-----------------+---------+-------+--------+-------+
|       Name      | BRAM_18K| DSP48E|   FF   |  LUT  |
+-----------------+---------+-------+--------+-------+
|DSP              |        -|      -|       -|      -|
|Expression       |        -|      -|    6439|   6374|
|FIFO             |        -|      -|       -|      -|
|Instance         |        -|     25|    2095|   2232|
|Memory           |        -|      -|       -|      -|
|Multiplexer      |        -|      -|       -|    629|
|Register         |        -|      -|    2572|      -|
+-----------------+---------+-------+--------+-------+
|Total            |        0|     25|   11106|   9235|
+-----------------+---------+-------+--------+-------+
|Available        |      270|    240|  126800|  63400|
+-----------------+---------+-------+--------+-------+
|Utilization (%)  |        0|     10|       8|     14|
+-----------------+---------+-------+--------+-------+

+ Detail: 
    * Instance: 
    +----------------------------+----------------------+---------+-------+-----+-----+
    |          Instance          |        Module        | BRAM_18K| DSP48E|  FF | LUT |
    +----------------------------+----------------------+---------+-------+-----+-----+
    |elTetris2_dadd_64cud_x_U19  |elTetris2_dadd_64cud  |        0|      3|  509|  817|
    |elTetris2_dmul_64dEe_x_U20  |elTetris2_dmul_64dEe  |        0|     11|  317|  204|
    |elTetris2_dmul_64dEe_x_U21  |elTetris2_dmul_64dEe  |        0|     11|  317|  204|
    |elTetris2_fptruncbkb_x_U18  |elTetris2_fptruncbkb  |        0|      0|  128|  103|
    |elTetris2_sitodp_fYi_x_U22  |elTetris2_sitodp_fYi  |        0|      0|  412|  452|
    |elTetris2_sitodp_fYi_x_U23  |elTetris2_sitodp_fYi  |        0|      0|  412|  452|
    +----------------------------+----------------------+---------+-------+-----+-----+
    |Total                       |                      |        0|     25| 2095| 2232|
    +----------------------------+----------------------+---------+-------+-----+-----+

    * DSP48: 
    N/A

    * Memory: 
    N/A

    * FIFO: 
    N/A

    * Expression: 
    +--------------------------------+----------+-------+-----+----+------------+------------+
    |          Variable Name         | Operation| DSP48E|  FF | LUT| Bitwidth P0| Bitwidth P1|
    +--------------------------------+----------+-------+-----+----+------------+------------+
    |colTranCounter_4_10_fu_2993_p2  |     +    |      0|  101|  37|          32|          32|
    |colTranCounter_4_11_fu_3090_p2  |     +    |      0|  101|  37|          32|          32|
    |colTranCounter_4_12_fu_3243_p2  |     +    |      0|  101|  37|          32|          32|
    |colTranCounter_4_13_fu_3398_p2  |     +    |      0|  101|  37|          32|          32|
    |colTranCounter_4_14_fu_3497_p2  |     +    |      0|  101|  37|          32|          32|
    |colTranCounter_4_15_fu_3657_p2  |     +    |      0|  101|  37|          32|          32|
    |colTranCounter_4_16_fu_3812_p2  |     +    |      0|  101|  37|          32|          32|
    |colTranCounter_4_17_fu_3896_p2  |     +    |      0|  101|  37|          32|          32|
    |colTranCounter_4_18_fu_4072_p2  |     +    |      0|  101|  37|          32|          32|
    |colTranCounter_4_1_fu_1533_p2   |     +    |      0|  101|  37|          32|          32|
    |colTranCounter_4_2_fu_1688_p2   |     +    |      0|  101|  37|          32|          32|
    |colTranCounter_4_3_fu_1855_p2   |     +    |      0|  101|  37|          32|          32|
    |colTranCounter_4_4_fu_2024_p2   |     +    |      0|  101|  37|          32|          32|
    |colTranCounter_4_5_fu_2181_p2   |     +    |      0|  101|  37|          32|          32|
    |colTranCounter_4_6_fu_2256_p2   |     +    |      0|  101|  37|          32|          32|
    |colTranCounter_4_7_fu_2418_p2   |     +    |      0|  101|  37|          32|          32|
    |colTranCounter_4_8_fu_2596_p2   |     +    |      0|  101|  37|          32|          32|
    |colTranCounter_4_9_fu_2676_p2   |     +    |      0|  101|  37|          32|          32|
    |colTranCounter_4_s_fu_2829_p2   |     +    |      0|  101|  37|          32|          32|
    |colTranCounter_5_s_fu_4126_p2   |     +    |      0|  101|  37|          32|          32|
    |col_1_fu_1285_p2                |     +    |      0|   17|   9|           4|           1|
    |holeCounter_3_10_fu_2980_p2     |     +    |      0|  101|  37|          32|          32|
    |holeCounter_3_11_fu_3075_p2     |     +    |      0|  101|  37|          32|          32|
    |holeCounter_3_12_fu_3228_p2     |     +    |      0|  101|  37|          32|          32|
    |holeCounter_3_13_fu_3385_p2     |     +    |      0|  101|  37|          32|          32|
    |holeCounter_3_14_fu_3482_p2     |     +    |      0|  101|  37|          32|          32|
    |holeCounter_3_15_fu_3642_p2     |     +    |      0|  101|  37|          32|          32|
    |holeCounter_3_16_fu_3799_p2     |     +    |      0|  101|  37|          32|          32|
    |holeCounter_3_17_fu_3881_p2     |     +    |      0|  101|  37|          32|          32|
    |holeCounter_3_18_fu_4057_p2     |     +    |      0|  101|  37|          32|          32|
    |holeCounter_3_1_fu_1519_p2      |     +    |      0|  101|  37|          32|          32|
    |holeCounter_3_2_fu_1674_p2      |     +    |      0|  101|  37|          32|          32|
    |holeCounter_3_3_fu_1841_p2      |     +    |      0|  101|  37|          32|          32|
    |holeCounter_3_4_fu_2010_p2      |     +    |      0|  101|  37|          32|          32|
    |holeCounter_3_5_fu_2168_p2      |     +    |      0|  101|  37|          32|          32|
    |holeCounter_3_6_fu_2241_p2      |     +    |      0|  101|  37|          32|          32|
    |holeCounter_3_7_fu_2403_p2      |     +    |      0|  101|  37|          32|          32|
    |holeCounter_3_8_fu_2583_p2      |     +    |      0|  101|  37|          32|          32|
    |holeCounter_3_9_fu_2661_p2      |     +    |      0|  101|  37|          32|          32|
    |holeCounter_3_s_fu_2814_p2      |     +    |      0|  101|  37|          32|          32|
    |tmp_12_fu_1430_p2               |     +    |      0|  101|  37|          32|           1|
    |tmp_18_fu_1153_p2               |     +    |      0|   35|  15|          10|          10|
    |tmp_19_fu_1295_p2               |     +    |      0|   35|  15|          10|          10|
    |tmp_20_10_fu_3518_p2            |     +    |      0|  101|  37|          32|          32|
    |tmp_20_11_fu_3720_p2            |     +    |      0|  101|  37|          32|          32|
    |tmp_20_12_fu_3905_p2            |     +    |      0|  101|  37|          32|          32|
    |tmp_20_13_fu_4138_p2            |     +    |      0|  101|  37|          32|          32|
    |tmp_20_14_fu_4191_p2            |     +    |      0|  101|  37|          32|          32|
    |tmp_20_15_fu_4241_p2            |     +    |      0|  101|  37|          32|          32|
    |tmp_20_16_fu_4291_p2            |     +    |      0|  101|  37|          32|          32|
    |tmp_20_17_fu_4341_p2            |     +    |      0|  101|  37|          32|          32|
    |tmp_20_18_fu_4391_p2            |     +    |      0|  101|  37|          32|          32|
    |tmp_20_1_fu_1590_p2             |     +    |      0|  101|  37|          32|          32|
    |tmp_20_2_fu_1765_p2             |     +    |      0|  101|  37|          32|          32|
    |tmp_20_3_fu_1945_p2             |     +    |      0|  101|  37|          32|          32|
    |tmp_20_4_fu_2113_p2             |     +    |      0|  101|  37|          32|          32|
    |tmp_20_5_fu_2320_p2             |     +    |      0|  101|  37|          32|          32|
    |tmp_20_6_fu_2525_p2             |     +    |      0|  101|  37|          32|          32|
    |tmp_20_7_fu_2720_p2             |     +    |      0|  101|  37|          32|          32|
    |tmp_20_8_fu_2917_p2             |     +    |      0|  101|  37|          32|          32|
    |tmp_20_9_fu_3129_p2             |     +    |      0|  101|  37|          32|          32|
    |tmp_20_fu_1344_p2               |     +    |      0|   35|  15|          10|          10|
    |tmp_20_s_fu_3311_p2             |     +    |      0|  101|  37|          32|          32|
    |tmp_21_10_fu_3529_p2            |     +    |      0|   17|   9|           4|           1|
    |tmp_21_11_fu_3731_p2            |     +    |      0|   17|   9|           4|           1|
    |tmp_21_12_fu_3916_p2            |     +    |      0|   17|   9|           4|           1|
    |tmp_21_13_fu_4149_p2            |     +    |      0|   20|  10|           5|           1|
    |tmp_21_14_fu_4202_p2            |     +    |      0|   20|  10|           5|           1|
    |tmp_21_15_fu_4252_p2            |     +    |      0|   20|  10|           5|           1|
    |tmp_21_16_fu_4302_p2            |     +    |      0|   20|  10|           5|           1|
    |tmp_21_17_fu_4352_p2            |     +    |      0|   20|  10|           5|           1|
    |tmp_21_1_fu_1601_p2             |     +    |      0|   11|   8|           2|           1|
    |tmp_21_2_fu_1776_p2             |     +    |      0|   14|   9|           3|           1|
    |tmp_21_3_fu_1956_p2             |     +    |      0|   14|   9|           3|           1|
    |tmp_21_4_fu_2124_p2             |     +    |      0|   14|   9|           3|           1|
    |tmp_21_5_fu_2331_p2             |     +    |      0|   14|   9|           3|           1|
    |tmp_21_6_fu_2536_p2             |     +    |      0|   17|   9|           4|           1|
    |tmp_21_7_fu_2731_p2             |     +    |      0|   17|   9|           4|           1|
    |tmp_21_8_fu_2928_p2             |     +    |      0|   17|   9|           4|           1|
    |tmp_21_9_fu_3140_p2             |     +    |      0|   17|   9|           4|           1|
    |tmp_21_fu_1359_p2               |     +    |      0|   35|  15|          10|          10|
    |tmp_21_s_fu_3322_p2             |     +    |      0|   17|   9|           4|           1|
    |tmp_6_fu_1349_p2                |     +    |      0|   20|  10|           5|           2|
    |curVal_1_fu_1411_p2             |    and   |      0|    0|   2|           1|           1|
    |isWell_2_fu_1461_p2             |    and   |      0|    0|   2|           1|           1|
    |p_18_fu_4047_p2                 |    and   |      0|    0|   2|           1|           1|
    |sel_tmp13_fu_1882_p2            |    and   |      0|    0|   2|           1|           1|
    |sel_tmp18_fu_2041_p2            |    and   |      0|    0|   2|           1|           1|
    |sel_tmp23_fu_2105_p2            |    and   |      0|    0|   2|           1|           1|
    |sel_tmp28_fu_2292_p2            |    and   |      0|    0|   2|           1|           1|
    |sel_tmp33_fu_2452_p2            |    and   |      0|    0|   2|           1|           1|
    |sel_tmp38_fu_2611_p2            |    and   |      0|    0|   2|           1|           1|
    |sel_tmp3_fu_1568_p2             |    and   |      0|    0|   2|           1|           1|
    |sel_tmp43_fu_2712_p2            |    and   |      0|    0|   2|           1|           1|
    |sel_tmp48_fu_2870_p2            |    and   |      0|    0|   2|           1|           1|
    |sel_tmp53_fu_3024_p2            |    and   |      0|    0|   2|           1|           1|
    |sel_tmp58_fu_3181_p2            |    and   |      0|    0|   2|           1|           1|
    |sel_tmp63_fu_3284_p2            |    and   |      0|    0|   2|           1|           1|
    |sel_tmp68_fu_3436_p2            |    and   |      0|    0|   2|           1|           1|
    |sel_tmp73_fu_3594_p2            |    and   |      0|    0|   2|           1|           1|
    |sel_tmp78_fu_3767_p2            |    and   |      0|    0|   2|           1|           1|
    |sel_tmp83_fu_3850_p2            |    and   |      0|    0|   2|           1|           1|
    |sel_tmp88_fu_4004_p2            |    and   |      0|    0|   2|           1|           1|
    |sel_tmp8_fu_1722_p2             |    and   |      0|    0|   2|           1|           1|
    |sel_tmp93_fu_4402_p2            |    and   |      0|    0|   2|           1|           1|
    |tmp14_fu_1450_p2                |    and   |      0|    0|   2|           1|           1|
    |tmp15_fu_1456_p2                |    and   |      0|    0|   2|           1|           1|
    |tmp16_fu_1544_p2                |    and   |      0|    0|   2|           1|           1|
    |tmp17_fu_1698_p2                |    and   |      0|    0|   2|           1|           1|
    |tmp18_fu_1860_p2                |    and   |      0|    0|   2|           1|           1|
    |tmp19_fu_1924_p2                |    and   |      0|    0|   2|           1|           1|
    |tmp20_fu_2087_p2                |    and   |      0|    0|   2|           1|           1|
    |tmp21_fu_2267_p2                |    and   |      0|    0|   2|           1|           1|
    |tmp22_fu_2424_p2                |    and   |      0|    0|   2|           1|           1|
    |tmp23_fu_2501_p2                |    and   |      0|    0|   2|           1|           1|
    |tmp24_fu_2687_p2                |    and   |      0|    0|   2|           1|           1|
    |tmp25_fu_2840_p2                |    and   |      0|    0|   2|           1|           1|
    |tmp26_fu_2998_p2                |    and   |      0|    0|   2|           1|           1|
    |tmp27_fu_3101_p2                |    and   |      0|    0|   2|           1|           1|
    |tmp28_fu_3254_p2                |    and   |      0|    0|   2|           1|           1|
    |tmp29_fu_3408_p2                |    and   |      0|    0|   2|           1|           1|
    |tmp30_fu_3573_p2                |    and   |      0|    0|   2|           1|           1|
    |tmp31_fu_3668_p2                |    and   |      0|    0|   2|           1|           1|
    |tmp32_fu_3822_p2                |    and   |      0|    0|   2|           1|           1|
    |tmp33_fu_3976_p2                |    and   |      0|    0|   2|           1|           1|
    |tmp34_fu_4078_p2                |    and   |      0|    0|   2|           1|           1|
    |tmp_18_10_fu_3003_p2            |    and   |      0|    0|   2|           1|           1|
    |tmp_18_11_fu_3107_p2            |    and   |      0|    0|   2|           1|           1|
    |tmp_18_12_fu_3260_p2            |    and   |      0|    0|   2|           1|           1|
    |tmp_18_13_fu_3414_p2            |    and   |      0|    0|   2|           1|           1|
    |tmp_18_14_fu_3578_p2            |    and   |      0|    0|   2|           1|           1|
    |tmp_18_15_fu_3674_p2            |    and   |      0|    0|   2|           1|           1|
    |tmp_18_16_fu_3828_p2            |    and   |      0|    0|   2|           1|           1|
    |tmp_18_17_fu_3982_p2            |    and   |      0|    0|   2|           1|           1|
    |tmp_18_18_fu_4084_p2            |    and   |      0|    0|   2|           1|           1|
    |tmp_18_1_fu_1550_p2             |    and   |      0|    0|   2|           1|           1|
    |tmp_18_2_fu_1704_p2             |    and   |      0|    0|   2|           1|           1|
    |tmp_18_3_fu_1865_p2             |    and   |      0|    0|   2|           1|           1|
    |tmp_18_4_fu_1930_p2             |    and   |      0|    0|   2|           1|           1|
    |tmp_18_5_fu_2093_p2             |    and   |      0|    0|   2|           1|           1|
    |tmp_18_6_fu_2273_p2             |    and   |      0|    0|   2|           1|           1|
    |tmp_18_7_fu_2429_p2             |    and   |      0|    0|   2|           1|           1|
    |tmp_18_8_fu_2507_p2             |    and   |      0|    0|   2|           1|           1|
    |tmp_18_9_fu_2693_p2             |    and   |      0|    0|   2|           1|           1|
    |tmp_18_s_fu_2846_p2             |    and   |      0|    0|   2|           1|           1|
    |exitcond1_fu_1279_p2            |   icmp   |      0|    0|   2|           4|           4|
    |tmp_4_fu_1328_p2                |   icmp   |      0|    0|   2|           4|           1|
    |tmp_5_fu_1334_p2                |   icmp   |      0|    0|   2|           4|           4|
    |holeHelper_2_10_fu_2904_p2      |    or    |      0|    0|   2|           1|           1|
    |holeHelper_2_11_fu_3061_p2      |    or    |      0|    0|   2|           1|           1|
    |holeHelper_2_12_fu_3215_p2      |    or    |      0|    0|   2|           1|           1|
    |holeHelper_2_13_fu_3303_p2      |    or    |      0|    0|   2|           1|           1|
    |holeHelper_2_14_fu_3468_p2      |    or    |      0|    0|   2|           1|           1|
    |holeHelper_2_15_fu_3629_p2      |    or    |      0|    0|   2|           1|           1|
    |holeHelper_2_16_fu_3712_p2      |    or    |      0|    0|   2|           1|           1|
    |holeHelper_2_17_fu_3867_p2      |    or    |      0|    0|   2|           1|           1|
    |holeHelper_2_1_fu_1506_p2       |    or    |      0|    0|   2|           1|           1|
    |holeHelper_2_2_fu_1661_p2       |    or    |      0|    0|   2|           1|           1|
    |holeHelper_2_3_fu_1828_p2       |    or    |      0|    0|   2|           1|           1|
    |holeHelper_2_4_fu_1997_p2       |    or    |      0|    0|   2|           1|           1|
    |holeHelper_2_5_fu_2077_p2       |    or    |      0|    0|   2|           1|           1|
    |holeHelper_2_6_fu_2227_p2       |    or    |      0|    0|   2|           1|           1|
    |holeHelper_2_7_fu_2390_p2       |    or    |      0|    0|   2|           1|           1|
    |holeHelper_2_8_fu_2491_p2       |    or    |      0|    0|   2|           1|           1|
    |holeHelper_2_9_fu_2647_p2       |    or    |      0|    0|   2|           1|           1|
    |holeHelper_2_s_fu_2801_p2       |    or    |      0|    0|   2|           1|           1|
    |leftVal_10_fu_2964_p2           |    or    |      0|    0|   2|           1|           1|
    |leftVal_11_fu_3053_p2           |    or    |      0|    0|   2|           1|           1|
    |leftVal_12_fu_3207_p2           |    or    |      0|    0|   2|           1|           1|
    |leftVal_13_fu_3369_p2           |    or    |      0|    0|   2|           1|           1|
    |leftVal_14_fu_3565_p2           |    or    |      0|    0|   2|           1|           1|
    |leftVal_15_fu_3621_p2           |    or    |      0|    0|   2|           1|           1|
    |leftVal_16_fu_3783_p2           |    or    |      0|    0|   2|           1|           1|
    |leftVal_17_fu_3963_p2           |    or    |      0|    0|   2|           1|           1|
    |leftVal_18_fu_4034_p2           |    or    |      0|    0|   2|           1|           1|
    |leftVal_1_fu_1497_p2            |    or    |      0|    0|   2|           1|           1|
    |leftVal_2_fu_1653_p2            |    or    |      0|    0|   2|           1|           1|
    |leftVal_3_fu_1820_p2            |    or    |      0|    0|   2|           1|           1|
    |leftVal_4_fu_1911_p2            |    or    |      0|    0|   2|           1|           1|
    |leftVal_5_fu_2069_p2            |    or    |      0|    0|   2|           1|           1|
    |leftVal_6_fu_2219_p2            |    or    |      0|    0|   2|           1|           1|
    |leftVal_7_fu_2382_p2            |    or    |      0|    0|   2|           1|           1|
    |leftVal_8_fu_2483_p2            |    or    |      0|    0|   2|           1|           1|
    |leftVal_9_fu_2639_p2            |    or    |      0|    0|   2|           1|           1|
    |leftVal_fu_1416_p2              |    or    |      0|    0|   2|           1|           1|
    |leftVal_s_fu_2793_p2            |    or    |      0|    0|   2|           1|           1|
    |rightVal_10_fu_2968_p2          |    or    |      0|    0|   2|           1|           1|
    |rightVal_11_fu_3057_p2          |    or    |      0|    0|   2|           1|           1|
    |rightVal_12_fu_3211_p2          |    or    |      0|    0|   2|           1|           1|
    |rightVal_13_fu_3373_p2          |    or    |      0|    0|   2|           1|           1|
    |rightVal_14_fu_3569_p2          |    or    |      0|    0|   2|           1|           1|
    |rightVal_15_fu_3625_p2          |    or    |      0|    0|   2|           1|           1|
    |rightVal_16_fu_3787_p2          |    or    |      0|    0|   2|           1|           1|
    |rightVal_17_fu_3967_p2          |    or    |      0|    0|   2|           1|           1|
    |rightVal_18_fu_4038_p2          |    or    |      0|    0|   2|           1|           1|
    |rightVal_1_fu_1501_p2           |    or    |      0|    0|   2|           1|           1|
    |rightVal_2_fu_1657_p2           |    or    |      0|    0|   2|           1|           1|
    |rightVal_3_fu_1824_p2           |    or    |      0|    0|   2|           1|           1|
    |rightVal_4_fu_1915_p2           |    or    |      0|    0|   2|           1|           1|
    |rightVal_5_fu_2073_p2           |    or    |      0|    0|   2|           1|           1|
    |rightVal_6_fu_2223_p2           |    or    |      0|    0|   2|           1|           1|
    |rightVal_7_fu_2386_p2           |    or    |      0|    0|   2|           1|           1|
    |rightVal_8_fu_2487_p2           |    or    |      0|    0|   2|           1|           1|
    |rightVal_9_fu_2643_p2           |    or    |      0|    0|   2|           1|           1|
    |rightVal_fu_1420_p2             |    or    |      0|    0|   2|           1|           1|
    |rightVal_s_fu_2797_p2           |    or    |      0|    0|   2|           1|           1|
    |tmp_19_10_fu_3009_p2            |    or    |      0|    0|   2|           1|           1|
    |tmp_19_11_fu_3113_p2            |    or    |      0|    0|   2|           1|           1|
    |tmp_19_12_fu_3266_p2            |    or    |      0|    0|   2|           1|           1|
    |tmp_19_13_fu_3420_p2            |    or    |      0|    0|   2|           1|           1|
    |tmp_19_14_fu_3584_p2            |    or    |      0|    0|   2|           1|           1|
    |tmp_19_15_fu_3680_p2            |    or    |      0|    0|   2|           1|           1|
    |tmp_19_16_fu_3834_p2            |    or    |      0|    0|   2|           1|           1|
    |tmp_19_17_fu_3988_p2            |    or    |      0|    0|   2|           1|           1|
    |tmp_19_18_fu_4090_p2            |    or    |      0|    0|   2|           1|           1|
    |tmp_19_1_fu_1556_p2             |    or    |      0|    0|   2|           1|           1|
    |tmp_19_2_fu_1710_p2             |    or    |      0|    0|   2|           1|           1|
    |tmp_19_3_fu_1871_p2             |    or    |      0|    0|   2|           1|           1|
    |tmp_19_4_fu_1936_p2             |    or    |      0|    0|   2|           1|           1|
    |tmp_19_5_fu_2099_p2             |    or    |      0|    0|   2|           1|           1|
    |tmp_19_6_fu_2279_p2             |    or    |      0|    0|   2|           1|           1|
    |tmp_19_7_fu_2435_p2             |    or    |      0|    0|   2|           1|           1|
    |tmp_19_8_fu_2513_p2             |    or    |      0|    0|   2|           1|           1|
    |tmp_19_9_fu_2699_p2             |    or    |      0|    0|   2|           1|           1|
    |tmp_19_s_fu_2852_p2             |    or    |      0|    0|   2|           1|           1|
    |colTranCounter_2_10_fu_3047_p3  |  select  |      0|    0|  32|           1|          32|
    |colTranCounter_2_11_fu_3202_p3  |  select  |      0|    0|  32|           1|          32|
    |colTranCounter_2_12_fu_3296_p3  |  select  |      0|    0|  32|           1|          32|
    |colTranCounter_2_13_fu_3462_p3  |  select  |      0|    0|  32|           1|          32|
    |colTranCounter_2_14_fu_3616_p3  |  select  |      0|    0|  32|           1|          32|
    |colTranCounter_2_15_fu_3705_p3  |  select  |      0|    0|  32|           1|          32|
    |colTranCounter_2_16_fu_3861_p3  |  select  |      0|    0|  32|           1|          32|
    |colTranCounter_2_17_fu_4029_p3  |  select  |      0|    0|  32|           1|          32|
    |colTranCounter_2_18_fu_4109_p3  |  select  |      0|    0|  32|           1|          32|
    |colTranCounter_2_1_fu_1580_p3   |  select  |      0|    0|  32|           1|          32|
    |colTranCounter_2_2_fu_1748_p3   |  select  |      0|    0|  32|           1|          32|
    |colTranCounter_2_3_fu_1905_p3   |  select  |      0|    0|  32|           1|          32|
    |colTranCounter_2_4_fu_2063_p3   |  select  |      0|    0|  32|           1|          32|
    |colTranCounter_2_5_fu_2213_p3   |  select  |      0|    0|  32|           1|          32|
    |colTranCounter_2_6_fu_2377_p3   |  select  |      0|    0|  32|           1|          32|
    |colTranCounter_2_7_fu_2476_p3   |  select  |      0|    0|  32|           1|          32|
    |colTranCounter_2_8_fu_2633_p3   |  select  |      0|    0|  32|           1|          32|
    |colTranCounter_2_9_fu_2788_p3   |  select  |      0|    0|  32|           1|          32|
    |colTranCounter_2_s_fu_2897_p3   |  select  |      0|    0|  32|           1|          32|
    |curVal_1_10_fu_3014_p3          |  select  |      0|    0|   2|           1|           1|
    |curVal_1_11_fu_3176_p3          |  select  |      0|    0|   2|           1|           1|
    |curVal_1_12_fu_3272_p3          |  select  |      0|    0|   2|           1|           1|
    |curVal_1_13_fu_3426_p3          |  select  |      0|    0|   2|           1|           1|
    |curVal_1_14_fu_3589_p3          |  select  |      0|    0|   2|           1|           1|
    |curVal_1_15_fu_3686_p3          |  select  |      0|    0|   2|           1|           1|
    |curVal_1_16_fu_3840_p3          |  select  |      0|    0|   2|           1|           1|
    |curVal_1_17_fu_3994_p3          |  select  |      0|    0|   2|           1|           1|
    |curVal_1_18_fu_4096_p3          |  select  |      0|    0|   2|           1|           1|
    |curVal_1_1_fu_1613_p3           |  select  |      0|    0|   2|           1|           1|
    |curVal_1_2_fu_1789_p3           |  select  |      0|    0|   2|           1|           1|
    |curVal_1_3_fu_1968_p3           |  select  |      0|    0|   2|           1|           1|
    |curVal_1_4_fu_2029_p3           |  select  |      0|    0|   2|           1|           1|
    |curVal_1_5_fu_2186_p3           |  select  |      0|    0|   2|           1|           1|
    |curVal_1_6_fu_2367_p3           |  select  |      0|    0|   2|           1|           1|
    |curVal_1_7_fu_2440_p3           |  select  |      0|    0|   2|           1|           1|
    |curVal_1_8_fu_2601_p3           |  select  |      0|    0|   2|           1|           1|
    |curVal_1_9_fu_2767_p3           |  select  |      0|    0|   2|           1|           1|
    |curVal_1_s_fu_2858_p3           |  select  |      0|    0|   2|           1|           1|
    |holeCounter_2_10_fu_3041_p3     |  select  |      0|    0|  32|           1|          32|
    |holeCounter_2_11_fu_3197_p3     |  select  |      0|    0|  32|           1|          32|
    |holeCounter_2_12_fu_3289_p3     |  select  |      0|    0|  32|           1|          32|
    |holeCounter_2_13_fu_3456_p3     |  select  |      0|    0|  32|           1|          32|
    |holeCounter_2_14_fu_3611_p3     |  select  |      0|    0|  32|           1|          32|
    |holeCounter_2_15_fu_3698_p3     |  select  |      0|    0|  32|           1|          32|
    |holeCounter_2_16_fu_3855_p3     |  select  |      0|    0|  32|           1|          32|
    |holeCounter_2_17_fu_4024_p3     |  select  |      0|    0|  32|           1|          32|
    |holeCounter_2_18_fu_4102_p3     |  select  |      0|    0|  32|           1|          32|
    |holeCounter_2_1_fu_1573_p3      |  select  |      0|    0|  32|           1|          32|
    |holeCounter_2_2_fu_1742_p3      |  select  |      0|    0|  32|           1|          32|
    |holeCounter_2_3_fu_1899_p3      |  select  |      0|    0|  32|           1|          32|
    |holeCounter_2_4_fu_2057_p3      |  select  |      0|    0|  32|           1|          32|
    |holeCounter_2_5_fu_2207_p3      |  select  |      0|    0|  32|           1|          32|
    |holeCounter_2_6_fu_2372_p3      |  select  |      0|    0|  32|           1|          32|
    |holeCounter_2_7_fu_2469_p3      |  select  |      0|    0|  32|           1|          32|
    |holeCounter_2_8_fu_2627_p3      |  select  |      0|    0|  32|           1|          32|
    |holeCounter_2_9_fu_2783_p3      |  select  |      0|    0|  32|           1|          32|
    |holeCounter_2_s_fu_2890_p3      |  select  |      0|    0|  32|           1|          32|
    |holeHelper_1_10_fu_3019_p3      |  select  |      0|    0|   2|           1|           1|
    |holeHelper_1_11_fu_3119_p3      |  select  |      0|    0|   2|           1|           1|
    |holeHelper_1_12_fu_3278_p3      |  select  |      0|    0|   2|           1|           1|
    |holeHelper_1_13_fu_3431_p3      |  select  |      0|    0|   2|           1|           1|
    |holeHelper_1_14_fu_3508_p3      |  select  |      0|    0|   2|           1|           1|
    |holeHelper_1_15_fu_3692_p3      |  select  |      0|    0|   2|           1|           1|
    |holeHelper_1_16_fu_3845_p3      |  select  |      0|    0|   2|           1|           1|
    |holeHelper_1_17_fu_3999_p3      |  select  |      0|    0|   2|           1|           1|
    |holeHelper_1_1_fu_1562_p3       |  select  |      0|    0|   2|           1|           1|
    |holeHelper_1_2_fu_1716_p3       |  select  |      0|    0|   2|           1|           1|
    |holeHelper_1_3_fu_1876_p3       |  select  |      0|    0|   2|           1|           1|
    |holeHelper_1_4_fu_2035_p3       |  select  |      0|    0|   2|           1|           1|
    |holeHelper_1_5_fu_2191_p3       |  select  |      0|    0|   2|           1|           1|
    |holeHelper_1_6_fu_2285_p3       |  select  |      0|    0|   2|           1|           1|
    |holeHelper_1_7_fu_2446_p3       |  select  |      0|    0|   2|           1|           1|
    |holeHelper_1_8_fu_2606_p3       |  select  |      0|    0|   2|           1|           1|
    |holeHelper_1_9_fu_2705_p3       |  select  |      0|    0|   2|           1|           1|
    |holeHelper_1_s_fu_2864_p3       |  select  |      0|    0|   2|           1|           1|
    |isWell_2_10_fu_3035_p3          |  select  |      0|    0|   2|           1|           1|
    |isWell_2_11_fu_3191_p3          |  select  |      0|    0|   2|           1|           1|
    |isWell_2_12_fu_3363_p3          |  select  |      0|    0|   2|           1|           1|
    |isWell_2_13_fu_3449_p3          |  select  |      0|    0|   2|           1|           1|
    |isWell_2_14_fu_3605_p3          |  select  |      0|    0|   2|           1|           1|
    |isWell_2_15_fu_3777_p3          |  select  |      0|    0|   2|           1|           1|
    |isWell_2_16_fu_3957_p3          |  select  |      0|    0|   2|           1|           1|
    |isWell_2_17_fu_4017_p3          |  select  |      0|    0|   2|           1|           1|
    |isWell_2_1_fu_1623_p3           |  select  |      0|    0|   2|           1|           1|
    |isWell_2_2_fu_1735_p3           |  select  |      0|    0|   2|           1|           1|
    |isWell_2_3_fu_1893_p3           |  select  |      0|    0|   2|           1|           1|
    |isWell_2_4_fu_2051_p3           |  select  |      0|    0|   2|           1|           1|
    |isWell_2_5_fu_2201_p3           |  select  |      0|    0|   2|           1|           1|
    |isWell_2_6_fu_2305_p3           |  select  |      0|    0|   2|           1|           1|
    |isWell_2_7_fu_2463_p3           |  select  |      0|    0|   2|           1|           1|
    |isWell_2_8_fu_2621_p3           |  select  |      0|    0|   2|           1|           1|
    |isWell_2_9_fu_2777_p3           |  select  |      0|    0|   2|           1|           1|
    |isWell_2_s_fu_2883_p3           |  select  |      0|    0|   2|           1|           1|
    |sel_tmp10_fu_1794_p3            |  select  |      0|    0|  32|           1|          32|
    |sel_tmp11_fu_1806_p3            |  select  |      0|    0|   3|           1|           3|
    |sel_tmp14_fu_1887_p3            |  select  |      0|    0|   2|           1|           1|
    |sel_tmp15_fu_1973_p3            |  select  |      0|    0|  32|           1|          32|
    |sel_tmp16_fu_1985_p3            |  select  |      0|    0|   3|           1|           3|
    |sel_tmp19_fu_2045_p3            |  select  |      0|    0|   2|           1|           1|
    |sel_tmp1_fu_1482_p3             |  select  |      0|    0|   2|           1|           2|
    |sel_tmp20_fu_2136_p3            |  select  |      0|    0|  32|           1|          32|
    |sel_tmp21_fu_2148_p3            |  select  |      0|    0|   3|           1|           3|
    |sel_tmp24_fu_2196_p3            |  select  |      0|    0|   2|           1|           1|
    |sel_tmp25_fu_2343_p3            |  select  |      0|    0|  32|           1|          32|
    |sel_tmp26_fu_2355_p3            |  select  |      0|    0|   3|           1|           3|
    |sel_tmp29_fu_2297_p3            |  select  |      0|    0|   2|           1|           1|
    |sel_tmp30_fu_2549_p3            |  select  |      0|    0|  32|           1|          32|
    |sel_tmp31_fu_2561_p3            |  select  |      0|    0|   4|           1|           4|
    |sel_tmp34_fu_2457_p3            |  select  |      0|    0|   2|           1|           1|
    |sel_tmp35_fu_2743_p3            |  select  |      0|    0|  32|           1|          32|
    |sel_tmp36_fu_2755_p3            |  select  |      0|    0|   4|           1|           4|
    |sel_tmp39_fu_2615_p3            |  select  |      0|    0|   2|           1|           1|
    |sel_tmp40_fu_2940_p3            |  select  |      0|    0|  32|           1|          32|
    |sel_tmp41_fu_2952_p3            |  select  |      0|    0|   4|           1|           4|
    |sel_tmp44_fu_2772_p3            |  select  |      0|    0|   2|           1|           1|
    |sel_tmp45_fu_3152_p3            |  select  |      0|    0|  32|           1|          32|
    |sel_tmp46_fu_3164_p3            |  select  |      0|    0|   4|           1|           4|
    |sel_tmp49_fu_2875_p3            |  select  |      0|    0|   2|           1|           1|
    |sel_tmp4_fu_1618_p3             |  select  |      0|    0|   2|           1|           1|
    |sel_tmp50_fu_3334_p3            |  select  |      0|    0|  32|           1|          32|
    |sel_tmp51_fu_3346_p3            |  select  |      0|    0|   4|           1|           4|
    |sel_tmp54_fu_3029_p3            |  select  |      0|    0|   2|           1|           1|
    |sel_tmp55_fu_3541_p3            |  select  |      0|    0|  32|           1|          32|
    |sel_tmp56_fu_3553_p3            |  select  |      0|    0|   4|           1|           4|
    |sel_tmp59_fu_3185_p3            |  select  |      0|    0|   2|           1|           1|
    |sel_tmp5_fu_1629_p3             |  select  |      0|    0|  32|           1|          32|
    |sel_tmp60_fu_3743_p3            |  select  |      0|    0|  32|           1|          32|
    |sel_tmp61_fu_3755_p3            |  select  |      0|    0|   4|           1|           4|
    |sel_tmp64_fu_3358_p3            |  select  |      0|    0|   2|           1|           1|
    |sel_tmp65_fu_3928_p3            |  select  |      0|    0|  32|           1|          32|
    |sel_tmp66_fu_3940_p3            |  select  |      0|    0|   4|           1|           4|
    |sel_tmp69_fu_3441_p3            |  select  |      0|    0|   2|           1|           1|
    |sel_tmp6_fu_1641_p3             |  select  |      0|    0|   2|           1|           2|
    |sel_tmp70_fu_4162_p3            |  select  |      0|    0|  32|           1|          32|
    |sel_tmp71_fu_4174_p3            |  select  |      0|    0|   5|           1|           5|
    |sel_tmp74_fu_3599_p3            |  select  |      0|    0|   2|           1|           1|
    |sel_tmp75_fu_4214_p3            |  select  |      0|    0|  32|           1|          32|
    |sel_tmp76_fu_4226_p3            |  select  |      0|    0|   5|           1|           5|
    |sel_tmp79_fu_3771_p3            |  select  |      0|    0|   2|           1|           1|
    |sel_tmp80_fu_4264_p3            |  select  |      0|    0|  32|           1|          32|
    |sel_tmp81_fu_4276_p3            |  select  |      0|    0|   5|           1|           5|
    |sel_tmp84_fu_3952_p3            |  select  |      0|    0|   2|           1|           1|
    |sel_tmp85_fu_4314_p3            |  select  |      0|    0|  32|           1|          32|
    |sel_tmp86_fu_4326_p3            |  select  |      0|    0|   5|           1|           5|
    |sel_tmp89_fu_4009_p3            |  select  |      0|    0|   2|           1|           1|
    |sel_tmp90_fu_4364_p3            |  select  |      0|    0|  32|           1|          32|
    |sel_tmp91_fu_4376_p3            |  select  |      0|    0|   5|           1|           5|
    |sel_tmp94_fu_4406_p3            |  select  |      0|    0|  32|           1|          32|
    |sel_tmp9_fu_1727_p3             |  select  |      0|    0|   2|           1|           1|
    |sel_tmp_fu_1467_p3              |  select  |      0|    0|  32|           1|          32|
    |wellCounter_2_10_fu_3523_p3     |  select  |      0|    0|  32|           1|          32|
    |wellCounter_2_11_fu_3725_p3     |  select  |      0|    0|  32|           1|          32|
    |wellCounter_2_12_fu_3910_p3     |  select  |      0|    0|  32|           1|          32|
    |wellCounter_2_13_fu_4143_p3     |  select  |      0|    0|  32|           1|          32|
    |wellCounter_2_14_fu_4196_p3     |  select  |      0|    0|  32|           1|          32|
    |wellCounter_2_15_fu_4246_p3     |  select  |      0|    0|  32|           1|          32|
    |wellCounter_2_16_fu_4296_p3     |  select  |      0|    0|  32|           1|          32|
    |wellCounter_2_17_fu_4346_p3     |  select  |      0|    0|  32|           1|          32|
    |wellCounter_2_18_fu_4396_p3     |  select  |      0|    0|  32|           1|          32|
    |wellCounter_2_1_fu_1595_p3      |  select  |      0|    0|  32|           1|          32|
    |wellCounter_2_2_fu_1770_p3      |  select  |      0|    0|  32|           1|          32|
    |wellCounter_2_3_fu_1950_p3      |  select  |      0|    0|  32|           1|          32|
    |wellCounter_2_4_fu_2118_p3      |  select  |      0|    0|  32|           1|          32|
    |wellCounter_2_5_fu_2325_p3      |  select  |      0|    0|  32|           1|          32|
    |wellCounter_2_6_fu_2530_p3      |  select  |      0|    0|  32|           1|          32|
    |wellCounter_2_7_fu_2725_p3      |  select  |      0|    0|  32|           1|          32|
    |wellCounter_2_8_fu_2922_p3      |  select  |      0|    0|  32|           1|          32|
    |wellCounter_2_9_fu_3134_p3      |  select  |      0|    0|  32|           1|          32|
    |wellCounter_2_fu_1436_p3        |  select  |      0|    0|  32|           1|          32|
    |wellCounter_2_s_fu_3316_p3      |  select  |      0|    0|  32|           1|          32|
    |wellCounter_3_10_fu_3547_p3     |  select  |      0|    0|  32|           1|          32|
    |wellCounter_3_11_fu_3749_p3     |  select  |      0|    0|  32|           1|          32|
    |wellCounter_3_12_fu_3934_p3     |  select  |      0|    0|  32|           1|          32|
    |wellCounter_3_13_fu_4168_p3     |  select  |      0|    0|  32|           1|          32|
    |wellCounter_3_14_fu_4220_p3     |  select  |      0|    0|  32|           1|          32|
    |wellCounter_3_15_fu_4270_p3     |  select  |      0|    0|  32|           1|          32|
    |wellCounter_3_16_fu_4320_p3     |  select  |      0|    0|  32|           1|          32|
    |wellCounter_3_17_fu_4370_p3     |  select  |      0|    0|  32|           1|          32|
    |wellCounter_3_18_fu_4413_p3     |  select  |      0|    0|  32|           1|          32|
    |wellCounter_3_1_fu_1635_p3      |  select  |      0|    0|  32|           1|          32|
    |wellCounter_3_2_fu_1800_p3      |  select  |      0|    0|  32|           1|          32|
    |wellCounter_3_3_fu_1979_p3      |  select  |      0|    0|  32|           1|          32|
    |wellCounter_3_4_fu_2142_p3      |  select  |      0|    0|  32|           1|          32|
    |wellCounter_3_5_fu_2349_p3      |  select  |      0|    0|  32|           1|          32|
    |wellCounter_3_6_fu_2555_p3      |  select  |      0|    0|  32|           1|          32|
    |wellCounter_3_7_fu_2749_p3      |  select  |      0|    0|  32|           1|          32|
    |wellCounter_3_8_fu_2946_p3      |  select  |      0|    0|  32|           1|          32|
    |wellCounter_3_9_fu_3158_p3      |  select  |      0|    0|  32|           1|          32|
    |wellCounter_3_fu_1475_p3        |  select  |      0|    0|  32|           1|          32|
    |wellCounter_3_s_fu_3340_p3      |  select  |      0|    0|  32|           1|          32|
    |wellDepth_1_10_fu_3534_p3       |  select  |      0|    0|   4|           1|           1|
    |wellDepth_1_11_fu_3736_p3       |  select  |      0|    0|   4|           1|           1|
    |wellDepth_1_12_fu_3921_p3       |  select  |      0|    0|   4|           1|           1|
    |wellDepth_1_13_fu_4155_p3       |  select  |      0|    0|   5|           1|           1|
    |wellDepth_1_14_fu_4207_p3       |  select  |      0|    0|   5|           1|           1|
    |wellDepth_1_15_fu_4257_p3       |  select  |      0|    0|   5|           1|           1|
    |wellDepth_1_16_fu_4307_p3       |  select  |      0|    0|   5|           1|           1|
    |wellDepth_1_17_fu_4357_p3       |  select  |      0|    0|   5|           1|           1|
    |wellDepth_1_1_fu_1606_p3        |  select  |      0|    0|   2|           1|           1|
    |wellDepth_1_2_fu_1782_p3        |  select  |      0|    0|   3|           1|           1|
    |wellDepth_1_3_fu_1961_p3        |  select  |      0|    0|   3|           1|           1|
    |wellDepth_1_4_fu_2129_p3        |  select  |      0|    0|   3|           1|           1|
    |wellDepth_1_5_fu_2336_p3        |  select  |      0|    0|   3|           1|           1|
    |wellDepth_1_6_fu_2542_p3        |  select  |      0|    0|   4|           1|           1|
    |wellDepth_1_7_fu_2736_p3        |  select  |      0|    0|   4|           1|           1|
    |wellDepth_1_8_fu_2933_p3        |  select  |      0|    0|   4|           1|           1|
    |wellDepth_1_9_fu_3145_p3        |  select  |      0|    0|   4|           1|           1|
    |wellDepth_1_fu_1443_p3          |  select  |      0|    0|   3|           1|           1|
    |wellDepth_1_s_fu_3327_p3        |  select  |      0|    0|   4|           1|           1|
    |wellDepth_2_10_fu_3559_p3       |  select  |      0|    0|   4|           1|           4|
    |wellDepth_2_11_fu_3761_p3       |  select  |      0|    0|   4|           1|           4|
    |wellDepth_2_12_fu_3946_p3       |  select  |      0|    0|   4|           1|           4|
    |wellDepth_2_13_fu_4181_p3       |  select  |      0|    0|   5|           1|           5|
    |wellDepth_2_14_fu_4232_p3       |  select  |      0|    0|   5|           1|           5|
    |wellDepth_2_15_fu_4282_p3       |  select  |      0|    0|   5|           1|           5|
    |wellDepth_2_16_fu_4332_p3       |  select  |      0|    0|   5|           1|           5|
    |wellDepth_2_17_fu_4382_p3       |  select  |      0|    0|   5|           1|           5|
    |wellDepth_2_1_fu_1647_p3        |  select  |      0|    0|   2|           1|           2|
    |wellDepth_2_2_fu_1813_p3        |  select  |      0|    0|   3|           1|           3|
    |wellDepth_2_3_fu_1991_p3        |  select  |      0|    0|   3|           1|           3|
    |wellDepth_2_4_fu_2154_p3        |  select  |      0|    0|   3|           1|           3|
    |wellDepth_2_5_fu_2361_p3        |  select  |      0|    0|   3|           1|           3|
    |wellDepth_2_6_fu_2568_p3        |  select  |      0|    0|   4|           1|           4|
    |wellDepth_2_7_fu_2761_p3        |  select  |      0|    0|   4|           1|           4|
    |wellDepth_2_8_fu_2958_p3        |  select  |      0|    0|   4|           1|           4|
    |wellDepth_2_9_fu_3170_p3        |  select  |      0|    0|   4|           1|           4|
    |wellDepth_2_fu_1490_p3          |  select  |      0|    0|   2|           1|           1|
    |wellDepth_2_s_fu_3352_p3        |  select  |      0|    0|   4|           1|           4|
    |ap_enable_pp0                   |    xor   |      0|    0|   2|           1|           2|
    |ap_enable_reg_pp0_iter1         |    xor   |      0|    0|   2|           1|           2|
    |curVal_2_0_not_fu_1425_p2       |    xor   |      0|    0|   2|           1|           2|
    |not_board_10_load_fu_2835_p2    |    xor   |      0|    0|   2|           1|           2|
    |not_board_11_load_fu_2909_p2    |    xor   |      0|    0|   2|           1|           2|
    |not_board_12_load_fu_3096_p2    |    xor   |      0|    0|   2|           1|           2|
    |not_board_13_load_fu_3249_p2    |    xor   |      0|    0|   2|           1|           2|
    |not_board_14_load_fu_3403_p2    |    xor   |      0|    0|   2|           1|           2|
    |not_board_15_load_fu_3503_p2    |    xor   |      0|    0|   2|           1|           2|
    |not_board_16_load_fu_3663_p2    |    xor   |      0|    0|   2|           1|           2|
    |not_board_17_load_fu_3817_p2    |    xor   |      0|    0|   2|           1|           2|
    |not_board_18_load_fu_3971_p2    |    xor   |      0|    0|   2|           1|           2|
    |not_board_1_load_fu_1539_p2     |    xor   |      0|    0|   2|           1|           2|
    |not_board_2_load_fu_1693_p2     |    xor   |      0|    0|   2|           1|           2|
    |not_board_3_load_fu_1754_p2     |    xor   |      0|    0|   2|           1|           2|
    |not_board_4_load_fu_1919_p2     |    xor   |      0|    0|   2|           1|           2|
    |not_board_5_load_fu_2082_p2     |    xor   |      0|    0|   2|           1|           2|
    |not_board_6_load_fu_2262_p2     |    xor   |      0|    0|   2|           1|           2|
    |not_board_7_load_fu_2312_p2     |    xor   |      0|    0|   2|           1|           2|
    |not_board_8_load_fu_2496_p2     |    xor   |      0|    0|   2|           1|           2|
    |not_board_9_load_fu_2682_p2     |    xor   |      0|    0|   2|           1|           2|
    |not_curVal_1_s_fu_4116_p2       |    xor   |      0|    0|   2|           1|           2|
    |not_rowEliminated_0_fu_1159_p2  |    xor   |      0|    0|   2|           1|           2|
    |p_10_fu_2972_p2                 |    xor   |      0|    0|   2|           1|           1|
    |p_11_fu_3066_p2                 |    xor   |      0|    0|   2|           1|           1|
    |p_12_fu_3219_p2                 |    xor   |      0|    0|   2|           1|           1|
    |p_13_fu_3377_p2                 |    xor   |      0|    0|   2|           1|           1|
    |p_14_fu_3473_p2                 |    xor   |      0|    0|   2|           1|           1|
    |p_15_fu_3633_p2                 |    xor   |      0|    0|   2|           1|           1|
    |p_16_fu_3791_p2                 |    xor   |      0|    0|   2|           1|           1|
    |p_17_fu_3872_p2                 |    xor   |      0|    0|   2|           1|           1|
    |p_1_fu_1510_p2                  |    xor   |      0|    0|   2|           1|           1|
    |p_2_fu_1665_p2                  |    xor   |      0|    0|   2|           1|           1|
    |p_3_fu_1832_p2                  |    xor   |      0|    0|   2|           1|           1|
    |p_4_fu_2001_p2                  |    xor   |      0|    0|   2|           1|           1|
    |p_5_fu_2160_p2                  |    xor   |      0|    0|   2|           1|           1|
    |p_6_fu_2232_p2                  |    xor   |      0|    0|   2|           1|           1|
    |p_7_fu_2394_p2                  |    xor   |      0|    0|   2|           1|           1|
    |p_8_fu_2575_p2                  |    xor   |      0|    0|   2|           1|           1|
    |p_9_fu_2652_p2                  |    xor   |      0|    0|   2|           1|           1|
    |p_s_fu_2805_p2                  |    xor   |      0|    0|   2|           1|           1|
    |sel_tmp12_fu_1177_p2            |    xor   |      0|    0|   2|           1|           2|
    |sel_tmp17_fu_1183_p2            |    xor   |      0|    0|   2|           1|           2|
    |sel_tmp22_fu_1189_p2            |    xor   |      0|    0|   2|           1|           2|
    |sel_tmp27_fu_1195_p2            |    xor   |      0|    0|   2|           1|           2|
    |sel_tmp2_fu_1165_p2             |    xor   |      0|    0|   2|           1|           2|
    |sel_tmp32_fu_1201_p2            |    xor   |      0|    0|   2|           1|           2|
    |sel_tmp37_fu_1207_p2            |    xor   |      0|    0|   2|           1|           2|
    |sel_tmp42_fu_1213_p2            |    xor   |      0|    0|   2|           1|           2|
    |sel_tmp47_fu_1219_p2            |    xor   |      0|    0|   2|           1|           2|
    |sel_tmp52_fu_1225_p2            |    xor   |      0|    0|   2|           1|           2|
    |sel_tmp57_fu_1231_p2            |    xor   |      0|    0|   2|           1|           2|
    |sel_tmp62_fu_1237_p2            |    xor   |      0|    0|   2|           1|           2|
    |sel_tmp67_fu_1243_p2            |    xor   |      0|    0|   2|           1|           2|
    |sel_tmp72_fu_1249_p2            |    xor   |      0|    0|   2|           1|           2|
    |sel_tmp77_fu_1255_p2            |    xor   |      0|    0|   2|           1|           2|
    |sel_tmp7_fu_1171_p2             |    xor   |      0|    0|   2|           1|           2|
    |sel_tmp82_fu_1261_p2            |    xor   |      0|    0|   2|           1|           2|
    |sel_tmp87_fu_1267_p2            |    xor   |      0|    0|   2|           1|           2|
    |sel_tmp92_fu_1273_p2            |    xor   |      0|    0|   2|           1|           2|
    |tmp_11_fu_4042_p2               |    xor   |      0|    0|   2|           1|           2|
    |tmp_17_10_fu_2985_p2            |    xor   |      0|    0|   2|           1|           1|
    |tmp_17_11_fu_3081_p2            |    xor   |      0|    0|   2|           1|           1|
    |tmp_17_12_fu_3234_p2            |    xor   |      0|    0|   2|           1|           1|
    |tmp_17_13_fu_3390_p2            |    xor   |      0|    0|   2|           1|           1|
    |tmp_17_14_fu_3488_p2            |    xor   |      0|    0|   2|           1|           1|
    |tmp_17_15_fu_3648_p2            |    xor   |      0|    0|   2|           1|           1|
    |tmp_17_16_fu_3804_p2            |    xor   |      0|    0|   2|           1|           1|
    |tmp_17_17_fu_3887_p2            |    xor   |      0|    0|   2|           1|           1|
    |tmp_17_18_fu_4063_p2            |    xor   |      0|    0|   2|           1|           1|
    |tmp_17_1_fu_1525_p2             |    xor   |      0|    0|   2|           1|           1|
    |tmp_17_2_fu_1679_p2             |    xor   |      0|    0|   2|           1|           1|
    |tmp_17_3_fu_1846_p2             |    xor   |      0|    0|   2|           1|           1|
    |tmp_17_4_fu_2015_p2             |    xor   |      0|    0|   2|           1|           1|
    |tmp_17_5_fu_2173_p2             |    xor   |      0|    0|   2|           1|           1|
    |tmp_17_6_fu_2247_p2             |    xor   |      0|    0|   2|           1|           1|
    |tmp_17_7_fu_2409_p2             |    xor   |      0|    0|   2|           1|           1|
    |tmp_17_8_fu_2588_p2             |    xor   |      0|    0|   2|           1|           1|
    |tmp_17_9_fu_2667_p2             |    xor   |      0|    0|   2|           1|           1|
    |tmp_17_s_fu_2820_p2             |    xor   |      0|    0|   2|           1|           1|
    +--------------------------------+----------+-------+-----+----+------------+------------+
    |Total                           |          |      0| 6439|6374|        2467|        5562|
    +--------------------------------+----------+-------+-----+----+------------+------------+

    * Multiplexer: 
    +-------------------------+-----+-----------+-----+-----------+
    |           Name          | LUT | Input Size| Bits| Total Bits|
    +-------------------------+-----+-----------+-----+-----------+
    |ap_NS_fsm                |  209|         48|    1|         48|
    |ap_enable_reg_pp0_iter1  |   15|          3|    1|          3|
    |board_0_address0         |   15|          3|    9|         27|
    |board_10_address0        |   15|          3|    9|         27|
    |board_11_address0        |   15|          3|    9|         27|
    |board_12_address0        |   15|          3|    9|         27|
    |board_13_address0        |   15|          3|    9|         27|
    |board_14_address0        |   15|          3|    9|         27|
    |board_15_address0        |   15|          3|    9|         27|
    |board_16_address0        |   15|          3|    9|         27|
    |board_17_address0        |   15|          3|    9|         27|
    |board_18_address0        |   15|          3|    9|         27|
    |board_19_address0        |   15|          3|    9|         27|
    |board_1_address0         |   15|          3|    9|         27|
    |board_2_address0         |   15|          3|    9|         27|
    |board_3_address0         |   15|          3|    9|         27|
    |board_4_address0         |   15|          3|    9|         27|
    |board_5_address0         |   15|          3|    9|         27|
    |board_6_address0         |   15|          3|    9|         27|
    |board_7_address0         |   15|          3|    9|         27|
    |board_8_address0         |   15|          3|    9|         27|
    |board_9_address0         |   15|          3|    9|         27|
    |colTranCounter_reg_1049  |    9|          2|   32|         64|
    |col_phi_fu_1018_p4       |    9|          2|    4|          8|
    |col_reg_1014             |    9|          2|    4|          8|
    |grp_fu_1064_p0           |   15|          3|   64|        192|
    |grp_fu_1064_p1           |   15|          3|   64|        192|
    |grp_fu_1068_p1           |   15|          3|   64|        192|
    |grp_fu_1079_p0           |   15|          3|   32|         96|
    |holeCounter_reg_1025     |    9|          2|   32|         64|
    |wellCounter_reg_1037     |    9|          2|   32|         64|
    +-------------------------+-----+-----------+-----+-----------+
    |Total                    |  629|        133|  510|       1471|
    +-------------------------+-----+-----------+-----+-----------+

    * Register: 
    +-------------------------------------+----+----+-----+-----------+
    |                 Name                | FF | LUT| Bits| Const Bits|
    +-------------------------------------+----+----+-----+-----------+
    |ap_CS_fsm                            |  47|   0|   47|          0|
    |ap_enable_reg_pp0_iter0              |   1|   0|    1|          0|
    |ap_enable_reg_pp0_iter1              |   1|   0|    1|          0|
    |ap_reg_pp0_iter1_exitcond1_reg_4839  |   1|   0|    1|          0|
    |board_0_load_1_reg_5208              |   1|   0|    1|          0|
    |board_0_load_reg_5201                |   1|   0|    1|          0|
    |board_10_load_1_reg_5376             |   1|   0|    1|          0|
    |board_10_load_2_reg_5614             |   1|   0|    1|          0|
    |board_10_load_reg_5365               |   1|   0|    1|          0|
    |board_11_load_1_reg_5392             |   1|   0|    1|          0|
    |board_11_load_2_reg_5619             |   1|   0|    1|          0|
    |board_11_load_reg_5381               |   1|   0|    1|          0|
    |board_12_load_1_reg_5408             |   1|   0|    1|          0|
    |board_12_load_2_reg_5624             |   1|   0|    1|          0|
    |board_12_load_reg_5397               |   1|   0|    1|          0|
    |board_13_load_1_reg_5424             |   1|   0|    1|          0|
    |board_13_load_2_reg_5629             |   1|   0|    1|          0|
    |board_13_load_reg_5413               |   1|   0|    1|          0|
    |board_14_load_1_reg_5440             |   1|   0|    1|          0|
    |board_14_load_2_reg_5634             |   1|   0|    1|          0|
    |board_14_load_reg_5429               |   1|   0|    1|          0|
    |board_15_load_1_reg_5456             |   1|   0|    1|          0|
    |board_15_load_2_reg_5639             |   1|   0|    1|          0|
    |board_15_load_reg_5445               |   1|   0|    1|          0|
    |board_16_load_1_reg_5472             |   1|   0|    1|          0|
    |board_16_load_2_reg_5644             |   1|   0|    1|          0|
    |board_16_load_reg_5461               |   1|   0|    1|          0|
    |board_17_load_1_reg_5488             |   1|   0|    1|          0|
    |board_17_load_2_reg_5649             |   1|   0|    1|          0|
    |board_17_load_reg_5477               |   1|   0|    1|          0|
    |board_18_load_1_reg_5504             |   1|   0|    1|          0|
    |board_18_load_2_reg_5654             |   1|   0|    1|          0|
    |board_18_load_reg_5493               |   1|   0|    1|          0|
    |board_19_load_1_reg_5517             |   1|   0|    1|          0|
    |board_19_load_2_reg_5659             |   1|   0|    1|          0|
    |board_19_load_reg_5509               |   1|   0|    1|          0|
    |board_1_load_1_reg_5232              |   1|   0|    1|          0|
    |board_1_load_reg_5221                |   1|   0|    1|          0|
    |board_2_load_1_reg_5248              |   1|   0|    1|          0|
    |board_2_load_2_reg_5574              |   1|   0|    1|          0|
    |board_2_load_reg_5237                |   1|   0|    1|          0|
    |board_3_load_1_reg_5264              |   1|   0|    1|          0|
    |board_3_load_2_reg_5579              |   1|   0|    1|          0|
    |board_3_load_reg_5253                |   1|   0|    1|          0|
    |board_4_load_1_reg_5280              |   1|   0|    1|          0|
    |board_4_load_2_reg_5584              |   1|   0|    1|          0|
    |board_4_load_reg_5269                |   1|   0|    1|          0|
    |board_5_load_1_reg_5296              |   1|   0|    1|          0|
    |board_5_load_2_reg_5589              |   1|   0|    1|          0|
    |board_5_load_reg_5285                |   1|   0|    1|          0|
    |board_6_load_1_reg_5312              |   1|   0|    1|          0|
    |board_6_load_2_reg_5594              |   1|   0|    1|          0|
    |board_6_load_reg_5301                |   1|   0|    1|          0|
    |board_7_load_1_reg_5328              |   1|   0|    1|          0|
    |board_7_load_2_reg_5599              |   1|   0|    1|          0|
    |board_7_load_reg_5317                |   1|   0|    1|          0|
    |board_8_load_1_reg_5344              |   1|   0|    1|          0|
    |board_8_load_2_reg_5604              |   1|   0|    1|          0|
    |board_8_load_reg_5333                |   1|   0|    1|          0|
    |board_9_load_1_reg_5360              |   1|   0|    1|          0|
    |board_9_load_2_reg_5609              |   1|   0|    1|          0|
    |board_9_load_reg_5349                |   1|   0|    1|          0|
    |colTranCounter_2_10_reg_6154         |  32|   0|   32|          0|
    |colTranCounter_2_12_reg_6242         |  32|   0|   32|          0|
    |colTranCounter_2_13_reg_6293         |  32|   0|   32|          0|
    |colTranCounter_2_15_reg_6375         |  32|   0|   32|          0|
    |colTranCounter_2_16_reg_6442         |  32|   0|   32|          0|
    |colTranCounter_2_1_reg_5568          |  32|   0|   32|          0|
    |colTranCounter_2_2_reg_5708          |  32|   0|   32|          0|
    |colTranCounter_2_3_reg_5765          |  32|   0|   32|          0|
    |colTranCounter_2_4_reg_5826          |  32|   0|   32|          0|
    |colTranCounter_2_5_reg_5876          |  32|   0|   32|          0|
    |colTranCounter_2_7_reg_5959          |  32|   0|   32|          0|
    |colTranCounter_2_8_reg_6019          |  32|   0|   32|          0|
    |colTranCounter_2_s_reg_6098          |  32|   0|   32|          0|
    |colTranCounter_4_11_reg_6164         |  32|   0|   32|          0|
    |colTranCounter_4_14_reg_6303         |  32|   0|   32|          0|
    |colTranCounter_4_17_reg_6457         |  32|   0|   32|          0|
    |colTranCounter_4_6_reg_5886          |  32|   0|   32|          0|
    |colTranCounter_4_9_reg_6029          |  32|   0|   32|          0|
    |colTranCounter_5_s_reg_6492          |  32|   0|   32|          0|
    |colTranCounter_reg_1049              |  32|   0|   32|          0|
    |col_1_reg_4843                       |   4|   0|    4|          0|
    |col_reg_1014                         |   4|   0|    4|          0|
    |curVal_1_10_reg_6132                 |   1|   0|    1|          0|
    |curVal_1_12_reg_6218                 |   1|   0|    1|          0|
    |curVal_1_13_reg_6270                 |   1|   0|    1|          0|
    |curVal_1_15_reg_6358                 |   1|   0|    1|          0|
    |curVal_1_16_reg_6420                 |   1|   0|    1|          0|
    |curVal_1_1_reg_5664                  |   1|   0|    1|          0|
    |curVal_1_2_reg_5720                  |   1|   0|    1|          0|
    |curVal_1_4_reg_5797                  |   1|   0|    1|          0|
    |curVal_1_5_reg_5866                  |   1|   0|    1|          0|
    |curVal_1_7_reg_5930                  |   1|   0|    1|          0|
    |curVal_1_8_reg_5997                  |   1|   0|    1|          0|
    |curVal_1_reg_5213                    |   1|   0|    1|          0|
    |curVal_1_s_reg_6068                  |   1|   0|    1|          0|
    |exitcond1_reg_4839                   |   1|   0|    1|          0|
    |holeCounter_2_10_reg_6149            |  32|   0|   32|          0|
    |holeCounter_2_12_reg_6236            |  32|   0|   32|          0|
    |holeCounter_2_13_reg_6288            |  32|   0|   32|          0|
    |holeCounter_2_15_reg_6369            |  32|   0|   32|          0|
    |holeCounter_2_16_reg_6437            |  32|   0|   32|          0|
    |holeCounter_2_18_reg_6487            |  32|   0|   32|          0|
    |holeCounter_2_1_reg_5562             |  32|   0|   32|          0|
    |holeCounter_2_2_reg_5702             |  32|   0|   32|          0|
    |holeCounter_2_3_reg_5759             |  32|   0|   32|          0|
    |holeCounter_2_4_reg_5820             |  32|   0|   32|          0|
    |holeCounter_2_5_reg_5871             |  32|   0|   32|          0|
    |holeCounter_2_7_reg_5953             |  32|   0|   32|          0|
    |holeCounter_2_8_reg_6014             |  32|   0|   32|          0|
    |holeCounter_2_s_reg_6092             |  32|   0|   32|          0|
    |holeCounter_3_11_reg_6159            |  32|   0|   32|          0|
    |holeCounter_3_14_reg_6298            |  32|   0|   32|          0|
    |holeCounter_3_17_reg_6452            |  32|   0|   32|          0|
    |holeCounter_3_6_reg_5881             |  32|   0|   32|          0|
    |holeCounter_3_9_reg_6024             |  32|   0|   32|          0|
    |holeCounter_reg_1025                 |  32|   0|   32|          0|
    |holeHelper_1_11_reg_6179             |   1|   0|    1|          0|
    |holeHelper_1_12_reg_6224             |   1|   0|    1|          0|
    |holeHelper_1_14_reg_6314             |   1|   0|    1|          0|
    |holeHelper_1_15_reg_6364             |   1|   0|    1|          0|
    |holeHelper_1_16_reg_6425             |   1|   0|    1|          0|
    |holeHelper_1_1_reg_5549              |   1|   0|    1|          0|
    |holeHelper_1_2_reg_5683              |   1|   0|    1|          0|
    |holeHelper_1_3_reg_5741              |   1|   0|    1|          0|
    |holeHelper_1_4_reg_5803              |   1|   0|    1|          0|
    |holeHelper_1_6_reg_5891              |   1|   0|    1|          0|
    |holeHelper_1_7_reg_5936              |   1|   0|    1|          0|
    |holeHelper_1_9_reg_6039              |   1|   0|    1|          0|
    |holeHelper_1_s_reg_6074              |   1|   0|    1|          0|
    |holeHelper_2_10_reg_6104             |   1|   0|    1|          0|
    |holeHelper_2_13_reg_6248             |   1|   0|    1|          0|
    |holeHelper_2_16_reg_6381             |   1|   0|    1|          0|
    |holeHelper_2_17_reg_6447             |   1|   0|    1|          0|
    |holeHelper_2_5_reg_5832              |   1|   0|    1|          0|
    |holeHelper_2_8_reg_5965              |   1|   0|    1|          0|
    |isWell_2_10_reg_6143                 |   1|   0|    1|          0|
    |isWell_2_11_reg_6207                 |   1|   0|    1|          0|
    |isWell_2_13_reg_6281                 |   1|   0|    1|          0|
    |isWell_2_14_reg_6342                 |   1|   0|    1|          0|
    |isWell_2_15_reg_6409                 |   1|   0|    1|          0|
    |isWell_2_2_reg_5695                  |   1|   0|    1|          0|
    |isWell_2_3_reg_5753                  |   1|   0|    1|          0|
    |isWell_2_4_reg_5814                  |   1|   0|    1|          0|
    |isWell_2_6_reg_5903                  |   1|   0|    1|          0|
    |isWell_2_7_reg_5947                  |   1|   0|    1|          0|
    |isWell_2_8_reg_6008                  |   1|   0|    1|          0|
    |isWell_2_reg_5522                    |   1|   0|    1|          0|
    |isWell_2_s_reg_6085                  |   1|   0|    1|          0|
    |not_board_11_load_reg_6110           |   1|   0|    1|          0|
    |not_board_12_load_reg_6169           |   1|   0|    1|          0|
    |not_board_13_load_reg_6213           |   1|   0|    1|          0|
    |not_board_15_load_reg_6308           |   1|   0|    1|          0|
    |not_board_16_load_reg_6348           |   1|   0|    1|          0|
    |not_board_17_load_reg_6415           |   1|   0|    1|          0|
    |not_board_1_load_reg_5544            |   1|   0|    1|          0|
    |not_board_3_load_reg_5714            |   1|   0|    1|          0|
    |not_board_4_load_reg_5771            |   1|   0|    1|          0|
    |not_board_5_load_reg_5838            |   1|   0|    1|          0|
    |not_board_7_load_reg_5910            |   1|   0|    1|          0|
    |not_board_8_load_reg_5971            |   1|   0|    1|          0|
    |not_board_9_load_reg_6034            |   1|   0|    1|          0|
    |not_rowEliminated_0_reg_4738         |   1|   0|    1|          0|
    |reg_1088                             |  64|   0|   64|          0|
    |reg_1093                             |  64|   0|   64|          0|
    |reg_1099                             |  64|   0|   64|          0|
    |rowEliminated_0_loa_reg_4526         |   1|   0|    1|          0|
    |rowEliminated_10_lo_reg_4631         |   1|   0|    1|          0|
    |rowEliminated_11_lo_reg_4642         |   1|   0|    1|          0|
    |rowEliminated_12_lo_reg_4653         |   1|   0|    1|          0|
    |rowEliminated_13_lo_reg_4664         |   1|   0|    1|          0|
    |rowEliminated_14_lo_reg_4675         |   1|   0|    1|          0|
    |rowEliminated_15_lo_reg_4686         |   1|   0|    1|          0|
    |rowEliminated_16_lo_reg_4697         |   1|   0|    1|          0|
    |rowEliminated_17_lo_reg_4708         |   1|   0|    1|          0|
    |rowEliminated_18_lo_reg_4719         |   1|   0|    1|          0|
    |rowEliminated_19_lo_reg_4730         |   1|   0|    1|          0|
    |rowEliminated_1_loa_reg_4532         |   1|   0|    1|          0|
    |rowEliminated_2_loa_reg_4543         |   1|   0|    1|          0|
    |rowEliminated_3_loa_reg_4554         |   1|   0|    1|          0|
    |rowEliminated_4_loa_reg_4565         |   1|   0|    1|          0|
    |rowEliminated_5_loa_reg_4576         |   1|   0|    1|          0|
    |rowEliminated_6_loa_reg_4587         |   1|   0|    1|          0|
    |rowEliminated_7_loa_reg_4598         |   1|   0|    1|          0|
    |rowEliminated_8_loa_reg_4609         |   1|   0|    1|          0|
    |rowEliminated_9_loa_reg_4620         |   1|   0|    1|          0|
    |sel_tmp12_reg_4754                   |   1|   0|    1|          0|
    |sel_tmp13_reg_5747                   |   1|   0|    1|          0|
    |sel_tmp17_reg_4759                   |   1|   0|    1|          0|
    |sel_tmp18_reg_5808                   |   1|   0|    1|          0|
    |sel_tmp22_reg_4764                   |   1|   0|    1|          0|
    |sel_tmp23_reg_5843                   |   1|   0|    1|          0|
    |sel_tmp27_reg_4769                   |   1|   0|    1|          0|
    |sel_tmp28_reg_5897                   |   1|   0|    1|          0|
    |sel_tmp2_reg_4744                    |   1|   0|    1|          0|
    |sel_tmp32_reg_4774                   |   1|   0|    1|          0|
    |sel_tmp33_reg_5941                   |   1|   0|    1|          0|
    |sel_tmp37_reg_4779                   |   1|   0|    1|          0|
    |sel_tmp38_reg_6002                   |   1|   0|    1|          0|
    |sel_tmp3_reg_5555                    |   1|   0|    1|          0|
    |sel_tmp42_reg_4784                   |   1|   0|    1|          0|
    |sel_tmp43_reg_6045                   |   1|   0|    1|          0|
    |sel_tmp47_reg_4789                   |   1|   0|    1|          0|
    |sel_tmp48_reg_6079                   |   1|   0|    1|          0|
    |sel_tmp52_reg_4794                   |   1|   0|    1|          0|
    |sel_tmp53_reg_6137                   |   1|   0|    1|          0|
    |sel_tmp57_reg_4799                   |   1|   0|    1|          0|
    |sel_tmp58_reg_6201                   |   1|   0|    1|          0|
    |sel_tmp62_reg_4804                   |   1|   0|    1|          0|
    |sel_tmp63_reg_6229                   |   1|   0|    1|          0|
    |sel_tmp67_reg_4809                   |   1|   0|    1|          0|
    |sel_tmp68_reg_6275                   |   1|   0|    1|          0|
    |sel_tmp72_reg_4814                   |   1|   0|    1|          0|
    |sel_tmp73_reg_6336                   |   1|   0|    1|          0|
    |sel_tmp77_reg_4819                   |   1|   0|    1|          0|
    |sel_tmp78_reg_6403                   |   1|   0|    1|          0|
    |sel_tmp7_reg_4749                    |   1|   0|    1|          0|
    |sel_tmp82_reg_4824                   |   1|   0|    1|          0|
    |sel_tmp83_reg_6430                   |   1|   0|    1|          0|
    |sel_tmp87_reg_4829                   |   1|   0|    1|          0|
    |sel_tmp88_reg_6476                   |   1|   0|    1|          0|
    |sel_tmp8_reg_5689                    |   1|   0|    1|          0|
    |sel_tmp92_reg_4834                   |   1|   0|    1|          0|
    |tmp_18_reg_4519                      |   9|   0|   10|          1|
    |tmp_19_11_reg_6174                   |   1|   0|    1|          0|
    |tmp_19_15_reg_6353                   |   1|   0|    1|          0|
    |tmp_19_18_reg_6482                   |   1|   0|    1|          0|
    |tmp_19_4_reg_5776                    |   1|   0|    1|          0|
    |tmp_19_8_reg_5976                    |   1|   0|    1|          0|
    |tmp_20_reg_4996                      |  10|   0|   10|          0|
    |tmp_4_reg_4948                       |   1|   0|    1|          0|
    |tmp_5_reg_4972                       |   1|   0|    1|          0|
    |tmp_7_reg_6579                       |  64|   0|   64|          0|
    |tmp_8_reg_6584                       |  64|   0|   64|          0|
    |wellCounter_3_10_reg_6320            |  32|   0|   32|          0|
    |wellCounter_3_11_reg_6387            |  32|   0|   32|          0|
    |wellCounter_3_12_reg_6462            |  32|   0|   32|          0|
    |wellCounter_3_13_reg_6497            |  32|   0|   32|          0|
    |wellCounter_3_14_reg_6513            |  32|   0|   32|          0|
    |wellCounter_3_15_reg_6529            |  32|   0|   32|          0|
    |wellCounter_3_16_reg_6545            |  32|   0|   32|          0|
    |wellCounter_3_17_reg_6561            |  32|   0|   32|          0|
    |wellCounter_3_1_reg_5669             |  32|   0|   32|          0|
    |wellCounter_3_2_reg_5725             |  32|   0|   32|          0|
    |wellCounter_3_3_reg_5781             |  32|   0|   32|          0|
    |wellCounter_3_4_reg_5850             |  32|   0|   32|          0|
    |wellCounter_3_5_reg_5916             |  32|   0|   32|          0|
    |wellCounter_3_6_reg_5981             |  32|   0|   32|          0|
    |wellCounter_3_7_reg_6052             |  32|   0|   32|          0|
    |wellCounter_3_8_reg_6116             |  32|   0|   32|          0|
    |wellCounter_3_9_reg_6185             |  32|   0|   32|          0|
    |wellCounter_3_reg_5528               |  32|   0|   32|          0|
    |wellCounter_3_s_reg_6254             |  32|   0|   32|          0|
    |wellCounter_reg_1037                 |  32|   0|   32|          0|
    |wellDepth_2_10_reg_6328              |   4|   0|    4|          0|
    |wellDepth_2_11_reg_6395              |   4|   0|    4|          0|
    |wellDepth_2_12_reg_6470              |   4|   0|    4|          0|
    |wellDepth_2_13_reg_6505              |   5|   0|    5|          0|
    |wellDepth_2_14_reg_6521              |   5|   0|    5|          0|
    |wellDepth_2_15_reg_6537              |   5|   0|    5|          0|
    |wellDepth_2_16_reg_6553              |   5|   0|    5|          0|
    |wellDepth_2_17_reg_6569              |   5|   0|    5|          0|
    |wellDepth_2_1_reg_5677               |   2|   0|    2|          0|
    |wellDepth_2_2_reg_5733               |   3|   0|    3|          0|
    |wellDepth_2_3_reg_5789               |   3|   0|    3|          0|
    |wellDepth_2_4_reg_5858               |   3|   0|    3|          0|
    |wellDepth_2_5_reg_5924               |   3|   0|    3|          0|
    |wellDepth_2_6_reg_5989               |   4|   0|    4|          0|
    |wellDepth_2_7_reg_6060               |   4|   0|    4|          0|
    |wellDepth_2_8_reg_6124               |   4|   0|    4|          0|
    |wellDepth_2_9_reg_6193               |   4|   0|    4|          0|
    |wellDepth_2_reg_5536                 |   2|   0|    2|          0|
    |wellDepth_2_s_reg_6262               |   4|   0|    4|          0|
    +-------------------------------------+----+----+-----+-----------+
    |Total                                |2572|   0| 2573|          1|
    +-------------------------------------+----+----+-----+-----------+



================================================================
== Interface
================================================================
* Summary: 
+---------------------------+-----+-----+------------+------------------+--------------+
|         RTL Ports         | Dir | Bits|  Protocol  |   Source Object  |    C Type    |
+---------------------------+-----+-----+------------+------------------+--------------+
|ap_clk                     |  in |    1| ap_ctrl_hs |   getColScores   | return value |
|ap_rst                     |  in |    1| ap_ctrl_hs |   getColScores   | return value |
|ap_start                   |  in |    1| ap_ctrl_hs |   getColScores   | return value |
|ap_done                    | out |    1| ap_ctrl_hs |   getColScores   | return value |
|ap_idle                    | out |    1| ap_ctrl_hs |   getColScores   | return value |
|ap_ready                   | out |    1| ap_ctrl_hs |   getColScores   | return value |
|ap_return                  | out |   32| ap_ctrl_hs |   getColScores   | return value |
|board_0_address0           | out |    9|  ap_memory |      board_0     |     array    |
|board_0_ce0                | out |    1|  ap_memory |      board_0     |     array    |
|board_0_q0                 |  in |    1|  ap_memory |      board_0     |     array    |
|board_0_address1           | out |    9|  ap_memory |      board_0     |     array    |
|board_0_ce1                | out |    1|  ap_memory |      board_0     |     array    |
|board_0_q1                 |  in |    1|  ap_memory |      board_0     |     array    |
|board_1_address0           | out |    9|  ap_memory |      board_1     |     array    |
|board_1_ce0                | out |    1|  ap_memory |      board_1     |     array    |
|board_1_q0                 |  in |    1|  ap_memory |      board_1     |     array    |
|board_1_address1           | out |    9|  ap_memory |      board_1     |     array    |
|board_1_ce1                | out |    1|  ap_memory |      board_1     |     array    |
|board_1_q1                 |  in |    1|  ap_memory |      board_1     |     array    |
|board_2_address0           | out |    9|  ap_memory |      board_2     |     array    |
|board_2_ce0                | out |    1|  ap_memory |      board_2     |     array    |
|board_2_q0                 |  in |    1|  ap_memory |      board_2     |     array    |
|board_2_address1           | out |    9|  ap_memory |      board_2     |     array    |
|board_2_ce1                | out |    1|  ap_memory |      board_2     |     array    |
|board_2_q1                 |  in |    1|  ap_memory |      board_2     |     array    |
|board_3_address0           | out |    9|  ap_memory |      board_3     |     array    |
|board_3_ce0                | out |    1|  ap_memory |      board_3     |     array    |
|board_3_q0                 |  in |    1|  ap_memory |      board_3     |     array    |
|board_3_address1           | out |    9|  ap_memory |      board_3     |     array    |
|board_3_ce1                | out |    1|  ap_memory |      board_3     |     array    |
|board_3_q1                 |  in |    1|  ap_memory |      board_3     |     array    |
|board_4_address0           | out |    9|  ap_memory |      board_4     |     array    |
|board_4_ce0                | out |    1|  ap_memory |      board_4     |     array    |
|board_4_q0                 |  in |    1|  ap_memory |      board_4     |     array    |
|board_4_address1           | out |    9|  ap_memory |      board_4     |     array    |
|board_4_ce1                | out |    1|  ap_memory |      board_4     |     array    |
|board_4_q1                 |  in |    1|  ap_memory |      board_4     |     array    |
|board_5_address0           | out |    9|  ap_memory |      board_5     |     array    |
|board_5_ce0                | out |    1|  ap_memory |      board_5     |     array    |
|board_5_q0                 |  in |    1|  ap_memory |      board_5     |     array    |
|board_5_address1           | out |    9|  ap_memory |      board_5     |     array    |
|board_5_ce1                | out |    1|  ap_memory |      board_5     |     array    |
|board_5_q1                 |  in |    1|  ap_memory |      board_5     |     array    |
|board_6_address0           | out |    9|  ap_memory |      board_6     |     array    |
|board_6_ce0                | out |    1|  ap_memory |      board_6     |     array    |
|board_6_q0                 |  in |    1|  ap_memory |      board_6     |     array    |
|board_6_address1           | out |    9|  ap_memory |      board_6     |     array    |
|board_6_ce1                | out |    1|  ap_memory |      board_6     |     array    |
|board_6_q1                 |  in |    1|  ap_memory |      board_6     |     array    |
|board_7_address0           | out |    9|  ap_memory |      board_7     |     array    |
|board_7_ce0                | out |    1|  ap_memory |      board_7     |     array    |
|board_7_q0                 |  in |    1|  ap_memory |      board_7     |     array    |
|board_7_address1           | out |    9|  ap_memory |      board_7     |     array    |
|board_7_ce1                | out |    1|  ap_memory |      board_7     |     array    |
|board_7_q1                 |  in |    1|  ap_memory |      board_7     |     array    |
|board_8_address0           | out |    9|  ap_memory |      board_8     |     array    |
|board_8_ce0                | out |    1|  ap_memory |      board_8     |     array    |
|board_8_q0                 |  in |    1|  ap_memory |      board_8     |     array    |
|board_8_address1           | out |    9|  ap_memory |      board_8     |     array    |
|board_8_ce1                | out |    1|  ap_memory |      board_8     |     array    |
|board_8_q1                 |  in |    1|  ap_memory |      board_8     |     array    |
|board_9_address0           | out |    9|  ap_memory |      board_9     |     array    |
|board_9_ce0                | out |    1|  ap_memory |      board_9     |     array    |
|board_9_q0                 |  in |    1|  ap_memory |      board_9     |     array    |
|board_9_address1           | out |    9|  ap_memory |      board_9     |     array    |
|board_9_ce1                | out |    1|  ap_memory |      board_9     |     array    |
|board_9_q1                 |  in |    1|  ap_memory |      board_9     |     array    |
|board_10_address0          | out |    9|  ap_memory |     board_10     |     array    |
|board_10_ce0               | out |    1|  ap_memory |     board_10     |     array    |
|board_10_q0                |  in |    1|  ap_memory |     board_10     |     array    |
|board_10_address1          | out |    9|  ap_memory |     board_10     |     array    |
|board_10_ce1               | out |    1|  ap_memory |     board_10     |     array    |
|board_10_q1                |  in |    1|  ap_memory |     board_10     |     array    |
|board_11_address0          | out |    9|  ap_memory |     board_11     |     array    |
|board_11_ce0               | out |    1|  ap_memory |     board_11     |     array    |
|board_11_q0                |  in |    1|  ap_memory |     board_11     |     array    |
|board_11_address1          | out |    9|  ap_memory |     board_11     |     array    |
|board_11_ce1               | out |    1|  ap_memory |     board_11     |     array    |
|board_11_q1                |  in |    1|  ap_memory |     board_11     |     array    |
|board_12_address0          | out |    9|  ap_memory |     board_12     |     array    |
|board_12_ce0               | out |    1|  ap_memory |     board_12     |     array    |
|board_12_q0                |  in |    1|  ap_memory |     board_12     |     array    |
|board_12_address1          | out |    9|  ap_memory |     board_12     |     array    |
|board_12_ce1               | out |    1|  ap_memory |     board_12     |     array    |
|board_12_q1                |  in |    1|  ap_memory |     board_12     |     array    |
|board_13_address0          | out |    9|  ap_memory |     board_13     |     array    |
|board_13_ce0               | out |    1|  ap_memory |     board_13     |     array    |
|board_13_q0                |  in |    1|  ap_memory |     board_13     |     array    |
|board_13_address1          | out |    9|  ap_memory |     board_13     |     array    |
|board_13_ce1               | out |    1|  ap_memory |     board_13     |     array    |
|board_13_q1                |  in |    1|  ap_memory |     board_13     |     array    |
|board_14_address0          | out |    9|  ap_memory |     board_14     |     array    |
|board_14_ce0               | out |    1|  ap_memory |     board_14     |     array    |
|board_14_q0                |  in |    1|  ap_memory |     board_14     |     array    |
|board_14_address1          | out |    9|  ap_memory |     board_14     |     array    |
|board_14_ce1               | out |    1|  ap_memory |     board_14     |     array    |
|board_14_q1                |  in |    1|  ap_memory |     board_14     |     array    |
|board_15_address0          | out |    9|  ap_memory |     board_15     |     array    |
|board_15_ce0               | out |    1|  ap_memory |     board_15     |     array    |
|board_15_q0                |  in |    1|  ap_memory |     board_15     |     array    |
|board_15_address1          | out |    9|  ap_memory |     board_15     |     array    |
|board_15_ce1               | out |    1|  ap_memory |     board_15     |     array    |
|board_15_q1                |  in |    1|  ap_memory |     board_15     |     array    |
|board_16_address0          | out |    9|  ap_memory |     board_16     |     array    |
|board_16_ce0               | out |    1|  ap_memory |     board_16     |     array    |
|board_16_q0                |  in |    1|  ap_memory |     board_16     |     array    |
|board_16_address1          | out |    9|  ap_memory |     board_16     |     array    |
|board_16_ce1               | out |    1|  ap_memory |     board_16     |     array    |
|board_16_q1                |  in |    1|  ap_memory |     board_16     |     array    |
|board_17_address0          | out |    9|  ap_memory |     board_17     |     array    |
|board_17_ce0               | out |    1|  ap_memory |     board_17     |     array    |
|board_17_q0                |  in |    1|  ap_memory |     board_17     |     array    |
|board_17_address1          | out |    9|  ap_memory |     board_17     |     array    |
|board_17_ce1               | out |    1|  ap_memory |     board_17     |     array    |
|board_17_q1                |  in |    1|  ap_memory |     board_17     |     array    |
|board_18_address0          | out |    9|  ap_memory |     board_18     |     array    |
|board_18_ce0               | out |    1|  ap_memory |     board_18     |     array    |
|board_18_q0                |  in |    1|  ap_memory |     board_18     |     array    |
|board_18_address1          | out |    9|  ap_memory |     board_18     |     array    |
|board_18_ce1               | out |    1|  ap_memory |     board_18     |     array    |
|board_18_q1                |  in |    1|  ap_memory |     board_18     |     array    |
|board_19_address0          | out |    9|  ap_memory |     board_19     |     array    |
|board_19_ce0               | out |    1|  ap_memory |     board_19     |     array    |
|board_19_q0                |  in |    1|  ap_memory |     board_19     |     array    |
|board_19_address1          | out |    9|  ap_memory |     board_19     |     array    |
|board_19_ce1               | out |    1|  ap_memory |     board_19     |     array    |
|board_19_q1                |  in |    1|  ap_memory |     board_19     |     array    |
|batch3                     |  in |    6|   ap_none  |      batch3      |    scalar    |
|rowEliminated_0_address0   | out |    6|  ap_memory |  rowEliminated_0 |     array    |
|rowEliminated_0_ce0        | out |    1|  ap_memory |  rowEliminated_0 |     array    |
|rowEliminated_0_q0         |  in |    1|  ap_memory |  rowEliminated_0 |     array    |
|rowEliminated_1_address0   | out |    6|  ap_memory |  rowEliminated_1 |     array    |
|rowEliminated_1_ce0        | out |    1|  ap_memory |  rowEliminated_1 |     array    |
|rowEliminated_1_q0         |  in |    1|  ap_memory |  rowEliminated_1 |     array    |
|rowEliminated_2_address0   | out |    6|  ap_memory |  rowEliminated_2 |     array    |
|rowEliminated_2_ce0        | out |    1|  ap_memory |  rowEliminated_2 |     array    |
|rowEliminated_2_q0         |  in |    1|  ap_memory |  rowEliminated_2 |     array    |
|rowEliminated_3_address0   | out |    6|  ap_memory |  rowEliminated_3 |     array    |
|rowEliminated_3_ce0        | out |    1|  ap_memory |  rowEliminated_3 |     array    |
|rowEliminated_3_q0         |  in |    1|  ap_memory |  rowEliminated_3 |     array    |
|rowEliminated_4_address0   | out |    6|  ap_memory |  rowEliminated_4 |     array    |
|rowEliminated_4_ce0        | out |    1|  ap_memory |  rowEliminated_4 |     array    |
|rowEliminated_4_q0         |  in |    1|  ap_memory |  rowEliminated_4 |     array    |
|rowEliminated_5_address0   | out |    6|  ap_memory |  rowEliminated_5 |     array    |
|rowEliminated_5_ce0        | out |    1|  ap_memory |  rowEliminated_5 |     array    |
|rowEliminated_5_q0         |  in |    1|  ap_memory |  rowEliminated_5 |     array    |
|rowEliminated_6_address0   | out |    6|  ap_memory |  rowEliminated_6 |     array    |
|rowEliminated_6_ce0        | out |    1|  ap_memory |  rowEliminated_6 |     array    |
|rowEliminated_6_q0         |  in |    1|  ap_memory |  rowEliminated_6 |     array    |
|rowEliminated_7_address0   | out |    6|  ap_memory |  rowEliminated_7 |     array    |
|rowEliminated_7_ce0        | out |    1|  ap_memory |  rowEliminated_7 |     array    |
|rowEliminated_7_q0         |  in |    1|  ap_memory |  rowEliminated_7 |     array    |
|rowEliminated_8_address0   | out |    6|  ap_memory |  rowEliminated_8 |     array    |
|rowEliminated_8_ce0        | out |    1|  ap_memory |  rowEliminated_8 |     array    |
|rowEliminated_8_q0         |  in |    1|  ap_memory |  rowEliminated_8 |     array    |
|rowEliminated_9_address0   | out |    6|  ap_memory |  rowEliminated_9 |     array    |
|rowEliminated_9_ce0        | out |    1|  ap_memory |  rowEliminated_9 |     array    |
|rowEliminated_9_q0         |  in |    1|  ap_memory |  rowEliminated_9 |     array    |
|rowEliminated_10_address0  | out |    6|  ap_memory | rowEliminated_10 |     array    |
|rowEliminated_10_ce0       | out |    1|  ap_memory | rowEliminated_10 |     array    |
|rowEliminated_10_q0        |  in |    1|  ap_memory | rowEliminated_10 |     array    |
|rowEliminated_11_address0  | out |    6|  ap_memory | rowEliminated_11 |     array    |
|rowEliminated_11_ce0       | out |    1|  ap_memory | rowEliminated_11 |     array    |
|rowEliminated_11_q0        |  in |    1|  ap_memory | rowEliminated_11 |     array    |
|rowEliminated_12_address0  | out |    6|  ap_memory | rowEliminated_12 |     array    |
|rowEliminated_12_ce0       | out |    1|  ap_memory | rowEliminated_12 |     array    |
|rowEliminated_12_q0        |  in |    1|  ap_memory | rowEliminated_12 |     array    |
|rowEliminated_13_address0  | out |    6|  ap_memory | rowEliminated_13 |     array    |
|rowEliminated_13_ce0       | out |    1|  ap_memory | rowEliminated_13 |     array    |
|rowEliminated_13_q0        |  in |    1|  ap_memory | rowEliminated_13 |     array    |
|rowEliminated_14_address0  | out |    6|  ap_memory | rowEliminated_14 |     array    |
|rowEliminated_14_ce0       | out |    1|  ap_memory | rowEliminated_14 |     array    |
|rowEliminated_14_q0        |  in |    1|  ap_memory | rowEliminated_14 |     array    |
|rowEliminated_15_address0  | out |    6|  ap_memory | rowEliminated_15 |     array    |
|rowEliminated_15_ce0       | out |    1|  ap_memory | rowEliminated_15 |     array    |
|rowEliminated_15_q0        |  in |    1|  ap_memory | rowEliminated_15 |     array    |
|rowEliminated_16_address0  | out |    6|  ap_memory | rowEliminated_16 |     array    |
|rowEliminated_16_ce0       | out |    1|  ap_memory | rowEliminated_16 |     array    |
|rowEliminated_16_q0        |  in |    1|  ap_memory | rowEliminated_16 |     array    |
|rowEliminated_17_address0  | out |    6|  ap_memory | rowEliminated_17 |     array    |
|rowEliminated_17_ce0       | out |    1|  ap_memory | rowEliminated_17 |     array    |
|rowEliminated_17_q0        |  in |    1|  ap_memory | rowEliminated_17 |     array    |
|rowEliminated_18_address0  | out |    6|  ap_memory | rowEliminated_18 |     array    |
|rowEliminated_18_ce0       | out |    1|  ap_memory | rowEliminated_18 |     array    |
|rowEliminated_18_q0        |  in |    1|  ap_memory | rowEliminated_18 |     array    |
|rowEliminated_19_address0  | out |    6|  ap_memory | rowEliminated_19 |     array    |
|rowEliminated_19_ce0       | out |    1|  ap_memory | rowEliminated_19 |     array    |
|rowEliminated_19_q0        |  in |    1|  ap_memory | rowEliminated_19 |     array    |
|batch31                    |  in |    6|   ap_none  |      batch31     |    scalar    |
+---------------------------+-----+-----+------------+------------------+--------------+

