00:24:37 **** Auto Build of configuration Debug for project Hello_world ****
make all 
'Building file: ../src/helloworld.c'
'Invoking: MicroBlaze gcc compiler'
mb-gcc -Wall -O0 -g3 -c -fmessage-length=0 -MT"src/helloworld.o" -I../../Hello_world_bsp/microblaze_0/include -mlittle-endian -mxl-barrel-shift -mno-xl-soft-div -mcpu=v10.0 -mno-xl-soft-mul -mhard-float -Wl,--no-relax -ffunction-sections -fdata-sections -MMD -MP -MF"src/helloworld.d" -MT"src/helloworld.o" -o "src/helloworld.o" "../src/helloworld.c"
'Finished building: ../src/helloworld.c'
' '
'Building file: ../src/platform.c'
'Invoking: MicroBlaze gcc compiler'
mb-gcc -Wall -O0 -g3 -c -fmessage-length=0 -MT"src/platform.o" -I../../Hello_world_bsp/microblaze_0/include -mlittle-endian -mxl-barrel-shift -mno-xl-soft-div -mcpu=v10.0 -mno-xl-soft-mul -mhard-float -Wl,--no-relax -ffunction-sections -fdata-sections -MMD -MP -MF"src/platform.d" -MT"src/platform.o" -o "src/platform.o" "../src/platform.c"
'Finished building: ../src/platform.c'
' '
'Building target: Hello_world.elf'
'Invoking: MicroBlaze gcc linker'
mb-gcc -Wl,-T -Wl,../src/lscript.ld -L../../Hello_world_bsp/microblaze_0/lib -mlittle-endian -mxl-barrel-shift -mno-xl-soft-div -mcpu=v10.0 -mno-xl-soft-mul -mhard-float -Wl,--no-relax -Wl,--gc-sections -o "Hello_world.elf"  ./src/helloworld.o ./src/platform.o   -Wl,--start-group,-lxil,-lgcc,-lc,--end-group
'Finished building target: Hello_world.elf'
' '
'Invoking: MicroBlaze Print Size'
mb-size Hello_world.elf  |tee "Hello_world.elf.size"
   text	   data	    bss	    dec	    hex	filename
   2552	    316	   2084	   4952	   1358	Hello_world.elf
'Finished building: Hello_world.elf.size'
' '

00:24:39 Build Finished (took 1s.410ms)

